INFO: Migration 004 complete: 0 columns added, 6 skipped, 0 PDF_EXCLUDED papers
INFO: migration 004_pdf_quality_check executed
INFO: Migration 005 complete: 0 columns added, 2 skipped
INFO: migration 005_model_digest executed
INFO: evidence_spans already has tier column — skipping migration
INFO: migration 006_not_null_confidence_tier executed
INFO: Migration 007 complete: 4 tables created, 8 indexes created
INFO: migration 007_add_judge_tables executed
INFO: Migration 008 complete: 1 tables created, 4 indexes created
INFO: migration 008_add_fabrication_verifications executed
INFO: Migration 009 complete: 1 tables created, 2 indexes created
INFO: migration 009_add_backfill_audit_log executed
INFO: Migration 010 complete: 2 tables created, 5 indexes created
INFO: migration 010_add_provenance_classifications executed
INFO: Migration 011 complete: 2 columns added, 0 rows preserved
INFO: migration 011_add_absence_claim_class executed
INFO: Migration 012 added: extractions.codebook_hash, extractions.codebook_sha256, review_runs.codebook_hash, review_runs.codebook_sha256
INFO: migration 012_codebook_provenance executed
INFO: Migration 013 lifted NOT NULL on: extractions.extraction_schema_hash, review_runs.extraction_hash
INFO: migration 013_drop_schema_hash_not_null executed
INFO: migration 014_cloud_tables executed
INFO: migration 015_drop_prerename_adjudication_indices executed
INFO: migration 016_event_store executed
INFO: migration 018_cloud_shape_and_audit_adjudication executed
INFO: migration 019_paper_state_axes executed
INFO: migration 020_run_manifest executed
INFO: migration 021_parsed_text_sha256 executed
INFO: migration 022_run_kinds_and_audit_tables executed
INFO: Migrations executed: 004_pdf_quality_check, 005_model_digest, 006_not_null_confidence_tier, 007_add_judge_tables, 008_add_fabrication_verifications, 009_add_backfill_audit_log, 010_add_provenance_classifications, 011_add_absence_claim_class, 012_codebook_provenance, 013_drop_schema_hash_not_null, 014_cloud_tables, 015_drop_prerename_adjudication_indices, 016_event_store, 018_cloud_shape_and_audit_adjudication, 019_paper_state_axes, 020_run_manifest, 021_parsed_text_sha256, 022_run_kinds_and_audit_tables
raised: OperationalError - cannot rollback - no transaction is active
__context__: OperationalError - database is locked
status after: INGESTED
